// Jest Snapshot v1, https://goo.gl/fbAQLP

exports[`Should render Map correctly 1`] = `
<div
  id="map"
  style={
    Object {
      "height": "100%",
      "margin": "0 auto",
      "width": "100%",
    }
  }
/>
`;
