// Jest Snapshot v1, https://goo.gl/fbAQLP

exports[`withButtonBlock is rendered correctly 1`] = `<div />`;
