// Jest Snapshot v1, https://goo.gl/fbAQLP

exports[`Should render Favorites correctly for authorized user 1`] = `
<div
  className="page "
>
  <header
    className="header"
  >
    <div
      className="container"
    >
      <div
        className="header__wrapper"
      >
        <div
          className="header__left"
        >
          <a
            className="header__logo-link header__logo-link--active"
            href="/"
            onClick={[Function]}
          >
            <img
              alt="6 cities logo"
              className="header__logo"
              height="41"
              src="/img/logo.svg"
              width="81"
            />
          </a>
        </div>
        <nav
          className="header__nav"
        >
          <ul
            className="header__nav-list"
          >
            <li
              className="header__nav-item user"
            >
              <a
                className="header__nav-link header__nav-link--profile"
                href="/favorites"
                onClick={[Function]}
              >
                <div
                  className="header__avatar-wrapper user__avatar-wrapper"
                />
                <span
                  className="header__user-name user__name"
                />
              </a>
            </li>
          </ul>
        </nav>
      </div>
    </div>
  </header>
  <main
    className="page__main page__main--favorites "
  >
    <div
      className="page__favorites-container container"
    >
      <section
        className="favorites"
      >
        <h1
          className="favorites__title"
        >
          Saved listing
        </h1>
        <ul
          className="favorites__list"
        >
          <li
            className="favorites__locations-items"
          >
            <div
              className="favorites__locations locations locations--current"
            >
              <div
                className="locations__item"
              >
                <a
                  className="locations__item-link"
                  href="#"
                >
                  <span>
                    Moscow
                  </span>
                </a>
              </div>
            </div>
            <div
              className="favorites__places"
            >
              <article
                className="favorites__card place-card "
              >
                <div
                  className="place-card__mark"
                >
                  <span>
                    Premium
                  </span>
                </div>
                <div
                  className="place-card__image-wrapper favorites__image-wrapper"
                >
                  <a
                    href="#"
                  >
                    <img
                      alt="Place image"
                      className="place-card__image"
                      height="110"
                      width="150"
                    />
                  </a>
                </div>
                <div
                  className="place-card__info favorites__card-info"
                >
                  <div
                    className="place-card__price-wrapper"
                  >
                    <div
                      className="place-card__price"
                    >
                      <b
                        className="place-card__price-value"
                      >
                        €
                        98
                         
                      </b>
                      <span
                        className="place-card__price-text"
                      >
                        / night
                      </span>
                    </div>
                    <button
                      className="place-card__bookmark-button button "
                      onClick={[Function]}
                      type="button"
                    >
                      <svg
                        className="place-card__bookmark-icon"
                        height="19"
                        width="18"
                      >
                        <use
                          xlinkHref="#icon-bookmark"
                        />
                      </svg>
                      <span
                        className="visually-hidden"
                      >
                        To bookmarks
                      </span>
                    </button>
                  </div>
                  <div
                    className="place-card__rating rating"
                  >
                    <div
                      className="place-card__stars rating__stars"
                    >
                      <span
                        style={
                          Object {
                            "width": "0%",
                          }
                        }
                      />
                      <span
                        className="visually-hidden"
                      >
                        Rating
                      </span>
                    </div>
                  </div>
                  <h2
                    className="place-card__name"
                  >
                    <a
                      href="/offer/1"
                      onClick={[Function]}
                    >
                      Cozy Studio
                    </a>
                  </h2>
                  <p
                    className="place-card__type"
                  >
                    room
                  </p>
                </div>
              </article>
              <article
                className="favorites__card place-card "
              >
                <div
                  className="place-card__image-wrapper favorites__image-wrapper"
                >
                  <a
                    href="#"
                  >
                    <img
                      alt="Place image"
                      className="place-card__image"
                      height="110"
                      width="150"
                    />
                  </a>
                </div>
                <div
                  className="place-card__info favorites__card-info"
                >
                  <div
                    className="place-card__price-wrapper"
                  >
                    <div
                      className="place-card__price"
                    >
                      <b
                        className="place-card__price-value"
                      >
                        €
                        34
                         
                      </b>
                      <span
                        className="place-card__price-text"
                      >
                        / night
                      </span>
                    </div>
                    <button
                      className="place-card__bookmark-button button "
                      onClick={[Function]}
                      type="button"
                    >
                      <svg
                        className="place-card__bookmark-icon"
                        height="19"
                        width="18"
                      >
                        <use
                          xlinkHref="#icon-bookmark"
                        />
                      </svg>
                      <span
                        className="visually-hidden"
                      >
                        To bookmarks
                      </span>
                    </button>
                  </div>
                  <div
                    className="place-card__rating rating"
                  >
                    <div
                      className="place-card__stars rating__stars"
                    >
                      <span
                        style={
                          Object {
                            "width": "1000%",
                          }
                        }
                      />
                      <span
                        className="visually-hidden"
                      >
                        Rating
                      </span>
                    </div>
                  </div>
                  <h2
                    className="place-card__name"
                  >
                    <a
                      href="/offer/2"
                      onClick={[Function]}
                    >
                      Big Vintage Apartment
                    </a>
                  </h2>
                  <p
                    className="place-card__type"
                  >
                    apartment
                  </p>
                </div>
              </article>
            </div>
          </li>
          <li
            className="favorites__locations-items"
          >
            <div
              className="favorites__locations locations locations--current"
            >
              <div
                className="locations__item"
              >
                <a
                  className="locations__item-link"
                  href="#"
                >
                  <span>
                    Tokyo
                  </span>
                </a>
              </div>
            </div>
            <div
              className="favorites__places"
            >
              <article
                className="favorites__card place-card "
              >
                <div
                  className="place-card__image-wrapper favorites__image-wrapper"
                >
                  <a
                    href="#"
                  >
                    <img
                      alt="Place image"
                      className="place-card__image"
                      height="110"
                      width="150"
                    />
                  </a>
                </div>
                <div
                  className="place-card__info favorites__card-info"
                >
                  <div
                    className="place-card__price-wrapper"
                  >
                    <div
                      className="place-card__price"
                    >
                      <b
                        className="place-card__price-value"
                      >
                        €
                        80
                         
                      </b>
                      <span
                        className="place-card__price-text"
                      >
                        / night
                      </span>
                    </div>
                    <button
                      className="place-card__bookmark-button button "
                      onClick={[Function]}
                      type="button"
                    >
                      <svg
                        className="place-card__bookmark-icon"
                        height="19"
                        width="18"
                      >
                        <use
                          xlinkHref="#icon-bookmark"
                        />
                      </svg>
                      <span
                        className="visually-hidden"
                      >
                        To bookmarks
                      </span>
                    </button>
                  </div>
                  <div
                    className="place-card__rating rating"
                  >
                    <div
                      className="place-card__stars rating__stars"
                    >
                      <span
                        style={
                          Object {
                            "width": "2000%",
                          }
                        }
                      />
                      <span
                        className="visually-hidden"
                      >
                        Rating
                      </span>
                    </div>
                  </div>
                  <h2
                    className="place-card__name"
                  >
                    <a
                      href="/offer/3"
                      onClick={[Function]}
                    >
                      Small Country House
                    </a>
                  </h2>
                  <p
                    className="place-card__type"
                  >
                    house
                  </p>
                </div>
              </article>
              <article
                className="favorites__card place-card "
              >
                <div
                  className="place-card__mark"
                >
                  <span>
                    Premium
                  </span>
                </div>
                <div
                  className="place-card__image-wrapper favorites__image-wrapper"
                >
                  <a
                    href="#"
                  >
                    <img
                      alt="Place image"
                      className="place-card__image"
                      height="110"
                      width="150"
                    />
                  </a>
                </div>
                <div
                  className="place-card__info favorites__card-info"
                >
                  <div
                    className="place-card__price-wrapper"
                  >
                    <div
                      className="place-card__price"
                    >
                      <b
                        className="place-card__price-value"
                      >
                        €
                        3200
                         
                      </b>
                      <span
                        className="place-card__price-text"
                      >
                        / night
                      </span>
                    </div>
                    <button
                      className="place-card__bookmark-button button "
                      onClick={[Function]}
                      type="button"
                    >
                      <svg
                        className="place-card__bookmark-icon"
                        height="19"
                        width="18"
                      >
                        <use
                          xlinkHref="#icon-bookmark"
                        />
                      </svg>
                      <span
                        className="visually-hidden"
                      >
                        To bookmarks
                      </span>
                    </button>
                  </div>
                  <div
                    className="place-card__rating rating"
                  >
                    <div
                      className="place-card__stars rating__stars"
                    >
                      <span
                        style={
                          Object {
                            "width": "1900%",
                          }
                        }
                      />
                      <span
                        className="visually-hidden"
                      >
                        Rating
                      </span>
                    </div>
                  </div>
                  <h2
                    className="place-card__name"
                  >
                    <a
                      href="/offer/4"
                      onClick={[Function]}
                    >
                      Villa with no view
                    </a>
                  </h2>
                  <p
                    className="place-card__type"
                  >
                    hotel
                  </p>
                </div>
              </article>
              <article
                className="favorites__card place-card "
              >
                <div
                  className="place-card__image-wrapper favorites__image-wrapper"
                >
                  <a
                    href="#"
                  >
                    <img
                      alt="Place image"
                      className="place-card__image"
                      height="110"
                      width="150"
                    />
                  </a>
                </div>
                <div
                  className="place-card__info favorites__card-info"
                >
                  <div
                    className="place-card__price-wrapper"
                  >
                    <div
                      className="place-card__price"
                    >
                      <b
                        className="place-card__price-value"
                      >
                        €
                        5
                         
                      </b>
                      <span
                        className="place-card__price-text"
                      >
                        / night
                      </span>
                    </div>
                    <button
                      className="place-card__bookmark-button button "
                      onClick={[Function]}
                      type="button"
                    >
                      <svg
                        className="place-card__bookmark-icon"
                        height="19"
                        width="18"
                      >
                        <use
                          xlinkHref="#icon-bookmark"
                        />
                      </svg>
                      <span
                        className="visually-hidden"
                      >
                        To bookmarks
                      </span>
                    </button>
                  </div>
                  <div
                    className="place-card__rating rating"
                  >
                    <div
                      className="place-card__stars rating__stars"
                    >
                      <span
                        style={
                          Object {
                            "width": "300%",
                          }
                        }
                      />
                      <span
                        className="visually-hidden"
                      >
                        Rating
                      </span>
                    </div>
                  </div>
                  <h2
                    className="place-card__name"
                  >
                    <a
                      href="/offer/5"
                      onClick={[Function]}
                    >
                      Tiny bungalow
                    </a>
                  </h2>
                  <p
                    className="place-card__type"
                  >
                    house
                  </p>
                </div>
              </article>
            </div>
          </li>
        </ul>
      </section>
    </div>
  </main>
  <footer
    className="footer container"
  >
    <a
      className="footer__logo-link"
      href="/"
      onClick={[Function]}
    >
      <img
        alt="6 cities logo"
        className="footer__logo"
        height="33"
        src="img/logo.svg"
        width="64"
      />
    </a>
  </footer>
</div>
`;

exports[`Should render Favorites correctly for unauthorized user 1`] = `
<div
  className="page "
>
  <header
    className="header"
  >
    <div
      className="container"
    >
      <div
        className="header__wrapper"
      >
        <div
          className="header__left"
        >
          <a
            className="header__logo-link header__logo-link--active"
            href="/"
            onClick={[Function]}
          >
            <img
              alt="6 cities logo"
              className="header__logo"
              height="41"
              src="/img/logo.svg"
              width="81"
            />
          </a>
        </div>
        <nav
          className="header__nav"
        >
          <ul
            className="header__nav-list"
          >
            <li
              className="header__nav-item user"
            >
              <a
                className="header__nav-link header__nav-link--profile"
                href="/favorites"
                onClick={[Function]}
              >
                <div
                  className="header__avatar-wrapper user__avatar-wrapper"
                />
                <span
                  className="header__user-name user__name"
                />
              </a>
            </li>
          </ul>
        </nav>
      </div>
    </div>
  </header>
  <main
    className="page__main page__main--favorites "
  >
    <div
      className="page__favorites-container container"
    >
      <section
        className="favorites"
      >
        <h1
          className="favorites__title"
        >
          Saved listing
        </h1>
        <ul
          className="favorites__list"
        >
          <li
            className="favorites__locations-items"
          >
            <div
              className="favorites__locations locations locations--current"
            >
              <div
                className="locations__item"
              >
                <a
                  className="locations__item-link"
                  href="#"
                >
                  <span>
                    Moscow
                  </span>
                </a>
              </div>
            </div>
            <div
              className="favorites__places"
            >
              <article
                className="favorites__card place-card "
              >
                <div
                  className="place-card__mark"
                >
                  <span>
                    Premium
                  </span>
                </div>
                <div
                  className="place-card__image-wrapper favorites__image-wrapper"
                >
                  <a
                    href="#"
                  >
                    <img
                      alt="Place image"
                      className="place-card__image"
                      height="110"
                      width="150"
                    />
                  </a>
                </div>
                <div
                  className="place-card__info favorites__card-info"
                >
                  <div
                    className="place-card__price-wrapper"
                  >
                    <div
                      className="place-card__price"
                    >
                      <b
                        className="place-card__price-value"
                      >
                        €
                        98
                         
                      </b>
                      <span
                        className="place-card__price-text"
                      >
                        / night
                      </span>
                    </div>
                    <button
                      className="place-card__bookmark-button button "
                      onClick={[Function]}
                      type="button"
                    >
                      <svg
                        className="place-card__bookmark-icon"
                        height="19"
                        width="18"
                      >
                        <use
                          xlinkHref="#icon-bookmark"
                        />
                      </svg>
                      <span
                        className="visually-hidden"
                      >
                        To bookmarks
                      </span>
                    </button>
                  </div>
                  <div
                    className="place-card__rating rating"
                  >
                    <div
                      className="place-card__stars rating__stars"
                    >
                      <span
                        style={
                          Object {
                            "width": "0%",
                          }
                        }
                      />
                      <span
                        className="visually-hidden"
                      >
                        Rating
                      </span>
                    </div>
                  </div>
                  <h2
                    className="place-card__name"
                  >
                    <a
                      href="/offer/1"
                      onClick={[Function]}
                    >
                      Cozy Studio
                    </a>
                  </h2>
                  <p
                    className="place-card__type"
                  >
                    room
                  </p>
                </div>
              </article>
              <article
                className="favorites__card place-card "
              >
                <div
                  className="place-card__image-wrapper favorites__image-wrapper"
                >
                  <a
                    href="#"
                  >
                    <img
                      alt="Place image"
                      className="place-card__image"
                      height="110"
                      width="150"
                    />
                  </a>
                </div>
                <div
                  className="place-card__info favorites__card-info"
                >
                  <div
                    className="place-card__price-wrapper"
                  >
                    <div
                      className="place-card__price"
                    >
                      <b
                        className="place-card__price-value"
                      >
                        €
                        34
                         
                      </b>
                      <span
                        className="place-card__price-text"
                      >
                        / night
                      </span>
                    </div>
                    <button
                      className="place-card__bookmark-button button "
                      onClick={[Function]}
                      type="button"
                    >
                      <svg
                        className="place-card__bookmark-icon"
                        height="19"
                        width="18"
                      >
                        <use
                          xlinkHref="#icon-bookmark"
                        />
                      </svg>
                      <span
                        className="visually-hidden"
                      >
                        To bookmarks
                      </span>
                    </button>
                  </div>
                  <div
                    className="place-card__rating rating"
                  >
                    <div
                      className="place-card__stars rating__stars"
                    >
                      <span
                        style={
                          Object {
                            "width": "1000%",
                          }
                        }
                      />
                      <span
                        className="visually-hidden"
                      >
                        Rating
                      </span>
                    </div>
                  </div>
                  <h2
                    className="place-card__name"
                  >
                    <a
                      href="/offer/2"
                      onClick={[Function]}
                    >
                      Big Vintage Apartment
                    </a>
                  </h2>
                  <p
                    className="place-card__type"
                  >
                    apartment
                  </p>
                </div>
              </article>
            </div>
          </li>
          <li
            className="favorites__locations-items"
          >
            <div
              className="favorites__locations locations locations--current"
            >
              <div
                className="locations__item"
              >
                <a
                  className="locations__item-link"
                  href="#"
                >
                  <span>
                    Tokyo
                  </span>
                </a>
              </div>
            </div>
            <div
              className="favorites__places"
            >
              <article
                className="favorites__card place-card "
              >
                <div
                  className="place-card__image-wrapper favorites__image-wrapper"
                >
                  <a
                    href="#"
                  >
                    <img
                      alt="Place image"
                      className="place-card__image"
                      height="110"
                      width="150"
                    />
                  </a>
                </div>
                <div
                  className="place-card__info favorites__card-info"
                >
                  <div
                    className="place-card__price-wrapper"
                  >
                    <div
                      className="place-card__price"
                    >
                      <b
                        className="place-card__price-value"
                      >
                        €
                        80
                         
                      </b>
                      <span
                        className="place-card__price-text"
                      >
                        / night
                      </span>
                    </div>
                    <button
                      className="place-card__bookmark-button button "
                      onClick={[Function]}
                      type="button"
                    >
                      <svg
                        className="place-card__bookmark-icon"
                        height="19"
                        width="18"
                      >
                        <use
                          xlinkHref="#icon-bookmark"
                        />
                      </svg>
                      <span
                        className="visually-hidden"
                      >
                        To bookmarks
                      </span>
                    </button>
                  </div>
                  <div
                    className="place-card__rating rating"
                  >
                    <div
                      className="place-card__stars rating__stars"
                    >
                      <span
                        style={
                          Object {
                            "width": "2000%",
                          }
                        }
                      />
                      <span
                        className="visually-hidden"
                      >
                        Rating
                      </span>
                    </div>
                  </div>
                  <h2
                    className="place-card__name"
                  >
                    <a
                      href="/offer/3"
                      onClick={[Function]}
                    >
                      Small Country House
                    </a>
                  </h2>
                  <p
                    className="place-card__type"
                  >
                    house
                  </p>
                </div>
              </article>
              <article
                className="favorites__card place-card "
              >
                <div
                  className="place-card__mark"
                >
                  <span>
                    Premium
                  </span>
                </div>
                <div
                  className="place-card__image-wrapper favorites__image-wrapper"
                >
                  <a
                    href="#"
                  >
                    <img
                      alt="Place image"
                      className="place-card__image"
                      height="110"
                      width="150"
                    />
                  </a>
                </div>
                <div
                  className="place-card__info favorites__card-info"
                >
                  <div
                    className="place-card__price-wrapper"
                  >
                    <div
                      className="place-card__price"
                    >
                      <b
                        className="place-card__price-value"
                      >
                        €
                        3200
                         
                      </b>
                      <span
                        className="place-card__price-text"
                      >
                        / night
                      </span>
                    </div>
                    <button
                      className="place-card__bookmark-button button "
                      onClick={[Function]}
                      type="button"
                    >
                      <svg
                        className="place-card__bookmark-icon"
                        height="19"
                        width="18"
                      >
                        <use
                          xlinkHref="#icon-bookmark"
                        />
                      </svg>
                      <span
                        className="visually-hidden"
                      >
                        To bookmarks
                      </span>
                    </button>
                  </div>
                  <div
                    className="place-card__rating rating"
                  >
                    <div
                      className="place-card__stars rating__stars"
                    >
                      <span
                        style={
                          Object {
                            "width": "1900%",
                          }
                        }
                      />
                      <span
                        className="visually-hidden"
                      >
                        Rating
                      </span>
                    </div>
                  </div>
                  <h2
                    className="place-card__name"
                  >
                    <a
                      href="/offer/4"
                      onClick={[Function]}
                    >
                      Villa with no view
                    </a>
                  </h2>
                  <p
                    className="place-card__type"
                  >
                    hotel
                  </p>
                </div>
              </article>
              <article
                className="favorites__card place-card "
              >
                <div
                  className="place-card__image-wrapper favorites__image-wrapper"
                >
                  <a
                    href="#"
                  >
                    <img
                      alt="Place image"
                      className="place-card__image"
                      height="110"
                      width="150"
                    />
                  </a>
                </div>
                <div
                  className="place-card__info favorites__card-info"
                >
                  <div
                    className="place-card__price-wrapper"
                  >
                    <div
                      className="place-card__price"
                    >
                      <b
                        className="place-card__price-value"
                      >
                        €
                        5
                         
                      </b>
                      <span
                        className="place-card__price-text"
                      >
                        / night
                      </span>
                    </div>
                    <button
                      className="place-card__bookmark-button button "
                      onClick={[Function]}
                      type="button"
                    >
                      <svg
                        className="place-card__bookmark-icon"
                        height="19"
                        width="18"
                      >
                        <use
                          xlinkHref="#icon-bookmark"
                        />
                      </svg>
                      <span
                        className="visually-hidden"
                      >
                        To bookmarks
                      </span>
                    </button>
                  </div>
                  <div
                    className="place-card__rating rating"
                  >
                    <div
                      className="place-card__stars rating__stars"
                    >
                      <span
                        style={
                          Object {
                            "width": "300%",
                          }
                        }
                      />
                      <span
                        className="visually-hidden"
                      >
                        Rating
                      </span>
                    </div>
                  </div>
                  <h2
                    className="place-card__name"
                  >
                    <a
                      href="/offer/5"
                      onClick={[Function]}
                    >
                      Tiny bungalow
                    </a>
                  </h2>
                  <p
                    className="place-card__type"
                  >
                    house
                  </p>
                </div>
              </article>
            </div>
          </li>
        </ul>
      </section>
    </div>
  </main>
  <footer
    className="footer container"
  >
    <a
      className="footer__logo-link"
      href="/"
      onClick={[Function]}
    >
      <img
        alt="6 cities logo"
        className="footer__logo"
        height="33"
        src="img/logo.svg"
        width="64"
      />
    </a>
  </footer>
</div>
`;
