// Jest Snapshot v1, https://goo.gl/fbAQLP

exports[`withBlockStatus is rendered correctly 1`] = `<div />`;
