// Jest Snapshot v1, https://goo.gl/fbAQLP

exports[`Should render Reviews list correctly 1`] = `
Array [
  <h2
    className="reviews__title"
  >
    Reviews Â· 
    <span
      className="reviews__amount"
    >
      8
    </span>
  </h2>,
  <ul
    className="reviews__list"
  >
    <li
      className="reviews__item"
    >
      <div
        className="reviews__user user"
      >
        <div
          className="reviews__avatar-wrapper user__avatar-wrapper"
        >
          <img
            alt="Reviews avatar"
            className="reviews__avatar user__avatar"
            height="54"
            src="img/avatar-angelina.jpg"
            width="54"
          />
        </div>
        <span
          className="reviews__user-name"
        >
          Angelina
        </span>
      </div>
      <div
        className="reviews__info"
      >
        <div
          className="reviews__rating rating"
        >
          <div
            className="reviews__stars rating__stars"
          >
            <span
              style={
                Object {
                  "width": "60%",
                }
              }
            />
            <span
              className="visually-hidden"
            >
              Rating
            </span>
          </div>
        </div>
        <p
          className="reviews__text"
        >
          Test Comment #8
        </p>
        <time
          className="reviews__time"
          dateTime="2019-01-01"
        >
          January 2019
        </time>
      </div>
    </li>
    <li
      className="reviews__item"
    >
      <div
        className="reviews__user user"
      >
        <div
          className="reviews__avatar-wrapper user__avatar-wrapper"
        >
          <img
            alt="Reviews avatar"
            className="reviews__avatar user__avatar"
            height="54"
            src="img/avatar-max.jpg"
            width="54"
          />
        </div>
        <span
          className="reviews__user-name"
        >
          Max
        </span>
      </div>
      <div
        className="reviews__info"
      >
        <div
          className="reviews__rating rating"
        >
          <div
            className="reviews__stars rating__stars"
          >
            <span
              style={
                Object {
                  "width": "80%",
                }
              }
            />
            <span
              className="visually-hidden"
            >
              Rating
            </span>
          </div>
        </div>
        <p
          className="reviews__text"
        >
          Test Comment #7
        </p>
        <time
          className="reviews__time"
          dateTime="2018-11-18"
        >
          November 2018
        </time>
      </div>
    </li>
    <li
      className="reviews__item"
    >
      <div
        className="reviews__user user"
      >
        <div
          className="reviews__avatar-wrapper user__avatar-wrapper"
        >
          <img
            alt="Reviews avatar"
            className="reviews__avatar user__avatar"
            height="54"
            src="img/avatar-max.jpg"
            width="54"
          />
        </div>
        <span
          className="reviews__user-name"
        >
          Max
        </span>
      </div>
      <div
        className="reviews__info"
      >
        <div
          className="reviews__rating rating"
        >
          <div
            className="reviews__stars rating__stars"
          >
            <span
              style={
                Object {
                  "width": "80%",
                }
              }
            />
            <span
              className="visually-hidden"
            >
              Rating
            </span>
          </div>
        </div>
        <p
          className="reviews__text"
        >
          Test Comment #5
        </p>
        <time
          className="reviews__time"
          dateTime="2018-10-12"
        >
          October 2018
        </time>
      </div>
    </li>
    <li
      className="reviews__item"
    >
      <div
        className="reviews__user user"
      >
        <div
          className="reviews__avatar-wrapper user__avatar-wrapper"
        >
          <img
            alt="Reviews avatar"
            className="reviews__avatar user__avatar"
            height="54"
            src="img/avatar-max.jpg"
            width="54"
          />
        </div>
        <span
          className="reviews__user-name"
        >
          Max
        </span>
      </div>
      <div
        className="reviews__info"
      >
        <div
          className="reviews__rating rating"
        >
          <div
            className="reviews__stars rating__stars"
          >
            <span
              style={
                Object {
                  "width": "80%",
                }
              }
            />
            <span
              className="visually-hidden"
            >
              Rating
            </span>
          </div>
        </div>
        <p
          className="reviews__text"
        >
          Test Comment #3
        </p>
        <time
          className="reviews__time"
          dateTime="2018-09-10"
        >
          September 2018
        </time>
      </div>
    </li>
    <li
      className="reviews__item"
    >
      <div
        className="reviews__user user"
      >
        <div
          className="reviews__avatar-wrapper user__avatar-wrapper"
        >
          <img
            alt="Reviews avatar"
            className="reviews__avatar user__avatar"
            height="54"
            src="img/avatar-angelina.jpg"
            width="54"
          />
        </div>
        <span
          className="reviews__user-name"
        >
          Angelina
        </span>
      </div>
      <div
        className="reviews__info"
      >
        <div
          className="reviews__rating rating"
        >
          <div
            className="reviews__stars rating__stars"
          >
            <span
              style={
                Object {
                  "width": "60%",
                }
              }
            />
            <span
              className="visually-hidden"
            >
              Rating
            </span>
          </div>
        </div>
        <p
          className="reviews__text"
        >
          Test Comment #6
        </p>
        <time
          className="reviews__time"
          dateTime="2018-05-13"
        >
          May 2018
        </time>
      </div>
    </li>
    <li
      className="reviews__item"
    >
      <div
        className="reviews__user user"
      >
        <div
          className="reviews__avatar-wrapper user__avatar-wrapper"
        >
          <img
            alt="Reviews avatar"
            className="reviews__avatar user__avatar"
            height="54"
            src="img/avatar-angelina.jpg"
            width="54"
          />
        </div>
        <span
          className="reviews__user-name"
        >
          Angelina
        </span>
      </div>
      <div
        className="reviews__info"
      >
        <div
          className="reviews__rating rating"
        >
          <div
            className="reviews__stars rating__stars"
          >
            <span
              style={
                Object {
                  "width": "60%",
                }
              }
            />
            <span
              className="visually-hidden"
            >
              Rating
            </span>
          </div>
        </div>
        <p
          className="reviews__text"
        >
          Test Comment #2
        </p>
        <time
          className="reviews__time"
          dateTime="2018-05-09"
        >
          May 2018
        </time>
      </div>
    </li>
    <li
      className="reviews__item"
    >
      <div
        className="reviews__user user"
      >
        <div
          className="reviews__avatar-wrapper user__avatar-wrapper"
        >
          <img
            alt="Reviews avatar"
            className="reviews__avatar user__avatar"
            height="54"
            src="img/avatar-max.jpg"
            width="54"
          />
        </div>
        <span
          className="reviews__user-name"
        >
          Max
        </span>
      </div>
      <div
        className="reviews__info"
      >
        <div
          className="reviews__rating rating"
        >
          <div
            className="reviews__stars rating__stars"
          >
            <span
              style={
                Object {
                  "width": "80%",
                }
              }
            />
            <span
              className="visually-hidden"
            >
              Rating
            </span>
          </div>
        </div>
        <p
          className="reviews__text"
        >
          Test Comment #1
        </p>
        <time
          className="reviews__time"
          dateTime="2018-05-08"
        >
          May 2018
        </time>
      </div>
    </li>
    <li
      className="reviews__item"
    >
      <div
        className="reviews__user user"
      >
        <div
          className="reviews__avatar-wrapper user__avatar-wrapper"
        >
          <img
            alt="Reviews avatar"
            className="reviews__avatar user__avatar"
            height="54"
            src="img/avatar-angelina.jpg"
            width="54"
          />
        </div>
        <span
          className="reviews__user-name"
        >
          Angelina
        </span>
      </div>
      <div
        className="reviews__info"
      >
        <div
          className="reviews__rating rating"
        >
          <div
            className="reviews__stars rating__stars"
          >
            <span
              style={
                Object {
                  "width": "60%",
                }
              }
            />
            <span
              className="visually-hidden"
            >
              Rating
            </span>
          </div>
        </div>
        <p
          className="reviews__text"
        >
          Test Comment #4
        </p>
        <time
          className="reviews__time"
          dateTime="2018-01-11"
        >
          January 2018
        </time>
      </div>
    </li>
  </ul>,
]
`;
