// Jest Snapshot v1, https://goo.gl/fbAQLP

exports[`Should render Main correctly 1`] = `""`;
