// Jest Snapshot v1, https://goo.gl/fbAQLP

exports[`Render App for authorized user 1`] = `""`;

exports[`Render App for unauthorized user 1`] = `""`;
