// Jest Snapshot v1, https://goo.gl/fbAQLP

exports[`withShowControl is rendered correctly 1`] = `<div />`;
